#-- ========================================================================
#-- La Financière agricole du Québec 
#-- ========================================================================
arial arial.ttf
arialbd arialbd.ttf
arialbi arialbi.ttf
arialit arialit.ttf
vera vera.ttf
verabd verabd.ttf
verait verait.ttf
verdana verdana.ttf
verdanab verdanab.ttf
verdanai verdanai.ttf
verdanaz verdanaz.ttf
esri_business esri_34.ttf
esri_trans esri_9.ttf
esri_telecom esri_160.ttf
esri_env_haz esri_800.ttf
esri_env_haz1 esri_801.ttf
esri_envir_ha esri_802.ttf
esri_fire esri_804.ttf
esri_ordo_s esri_121.ttf
esri_geom esri_3.ttf
esri_crim esri_8.ttf
esri_defau esri_11.ttf
esri_surv esri_149.ttf
esri_carto esri_1.ttf
esri_envir esri_2.ttf
esri_us_for1 esri_651.ttf
esri_igl_ft20 esri_220.ttf
esri_cave1 esri_375.ttf
esri_cave2 esri_376.ttf
esri_cave3 esri_377.ttf
mif_trans ttmitc__.ttf
mif_real_e ttmire__.ttf
mif_mimi ttmimi__.ttf
mif_sym mapsym.ttf
mif_carto ttmicg__.ttf
transport transport.ttf
hq_picto_divers hq_picto_divers.ttf
hq_picto_naturel hq_picto_naturel.ttf
hq_picto_humain hq_picto_humain.ttf
windg wingding.ttf
windg3 wingdng3.ttf
courierbd courbd.ttf
chalout_cond_demigras_nor chalcdgn.ttf
chalout_nor chalcn__.ttf